<html>
<head>
		<link type="text/css" rel="stylesheet" href="progsynthlog.css"></link>
		<script class="jsbin" src="http://code.jquery.com/jquery-1.7.2.min.js"> a </script>
    	<script type="text/javascript">
			jQuery(document).ready(function() {
			jQuery("collapse").hide();

			jQuery("collapse").click(function(event)
			{
			if(event.target == this) {
			jQuery(this).next().slideToggle(500);
			jQuery(this).slideToggle(50);
			}
			});

			jQuery("collapse + *").dblclick(function(event)
			{
			if(event.target == this) {
			jQuery(this).prev().slideToggle(500);
			jQuery(this).slideToggle(500);
			}
			//e.stopPropogation();
			});

	});</script>
	</head>
<body>
<div class="srcfile">
 <div class="posummary"> PO Status: All Valid </div>
 <div class="FunctionProg">
  <div class="deco">def retVal(x: PSInt): PSInt</div>
  <div class="annProg">
   <collapse>ooo</collapse>
   <div class="ProgramAnn unfolded">
    <div class="id">1</div>
    <div class="displayId">-1</div>
    <div class="pre">
     <div class="Invariant" displayIdAttr="-1">
      <div class="loc">None</div>
      <div class="formula">
       <div class="Atom">
        <div class="a">
         <div class="Pred" displayIdAttr="-1">
          <div class="ts">
           <div class="Var" displayIdAttr="-1">
            <div class="v">x</div>
            <div class="deco">:</div>
            <div class="t">PSInt</div>
           </div>
          </div>
          <div class="r">=</div>
          <div class="ts">
           <div class="Var" displayIdAttr="-1">
            <div class="v">x</div>
            <div class="deco">:</div>
            <div class="t">PSInt</div>
           </div>
          </div>
         </div>
        </div>
       </div>
      </div>
      <div class="rvVar"></div>
     </div>
    </div>
    <div class="program">
     <div class="UnknownProg">UnknownProg(0)</div>
    </div>
    <div class="post">
     <div class="Invariant" displayIdAttr="-1">
      <div class="loc">None</div>
      <div class="formula">
       <div class="Atom">
        <div class="a">
         <div class="Pred" displayIdAttr="-1">
          <div class="ts">
           <div class="Var" displayIdAttr="-1">
            <div class="v">rv</div>
            <div class="deco">:</div>
            <div class="t">PSInt</div>
           </div>
          </div>
          <div class="r">=</div>
          <div class="ts">
           <div class="Var" displayIdAttr="-1">
            <div class="v">x</div>
            <div class="deco">:</div>
            <div class="t">PSInt</div>
           </div>
          </div>
         </div>
        </div>
       </div>
      </div>
      <div class="rvVar">rv</div>
     </div>
    </div>
   </div>
  </div>
 </div>
 <collapse>ooo</collapse>
 <div class="pa_proofobligs unfolded">
  <div class="pa_id">1</div>
  <div class="prg_proofobligs"></div>
 </div>
</div>
</body>
</html>
